[     292ms] [INFO] %cDownload the React DevTools for a better development experience: https://react.dev/link/react-devtools font-weight:bold @ webpack-internal:///(app-pages-browser)/./node_modules/.pnpm/next@15.2.6_react-dom@19.0.0_react@19.0.0__react@19.0.0/node_modules/next/dist/compiled/react-dom/cjs/react-dom-client.development.js:24914
[     316ms] [LOG] [PostHog.js] set_config {config: Object, oldConfig: Object, newConfig: Object} @ webpack-internal:///(app-pages-browser)/./node_modules/.pnpm/posthog-js@1.309.1/node_modules/posthog-js/dist/module.js:21
[     317ms] [LOG] [PostHog.js] Persistence loaded localStorage+cookie {distinct_id: 01a0b096-ff8e-7e26-bd84-5c6f069275bc, $sesid: Array(3), $epp: true, $initial_person_info: Object, $initialization_time: 2026-09-23T02:16:49.747Z} @ webpack-internal:///(app-pages-browser)/./node_modules/.pnpm/posthog-js@1.309.1/node_modules/posthog-js/dist/module.js:21
[     318ms] [LOG] [PostHog.js] Persistence loaded sessionStorage {$sdk_debug_extensions_init_method: synchronous, $sdk_debug_extensions_init_time_ms: 2, $referrer: $direct, $referring_domain: $direct, $sdk_debug_replay_remote_trigger_matching_config: null} @ webpack-internal:///(app-pages-browser)/./node_modules/.pnpm/posthog-js@1.309.1/node_modules/posthog-js/dist/module.js:21
[     318ms] [LOG] [PostHog.js] Initializing extensions synchronously @ webpack-internal:///(app-pages-browser)/./node_modules/.pnpm/posthog-js@1.309.1/node_modules/posthog-js/dist/module.js:21
[     318ms] [LOG] [PostHog.js] History API monitoring enabled, starting... @ webpack-internal:///(app-pages-browser)/./node_modules/.pnpm/posthog-js@1.309.1/node_modules/posthog-js/dist/module.js:21
[     319ms] [LOG] [PostHog.js] [SessionRecording] starting @ webpack-internal:///(app-pages-browser)/./node_modules/.pnpm/posthog-js@1.309.1/node_modules/posthog-js/dist/module.js:21
[     319ms] [LOG] [PostHog.js] [Heatmaps] starting... @ webpack-internal:///(app-pages-browser)/./node_modules/.pnpm/posthog-js@1.309.1/node_modules/posthog-js/dist/module.js:21
[     320ms] [LOG] [PostHog.js] [Web Vitals] enabled, starting... @ webpack-internal:///(app-pages-browser)/./node_modules/.pnpm/posthog-js@1.309.1/node_modules/posthog-js/dist/module.js:21
[     320ms] [LOG] [PostHog.js] [ExceptionAutocapture] enabled @ webpack-internal:///(app-pages-browser)/./node_modules/.pnpm/posthog-js@1.309.1/node_modules/posthog-js/dist/module.js:21
[     320ms] [LOG] [PostHog.js] [ExceptionAutocapture] enabled @ webpack-internal:///(app-pages-browser)/./node_modules/.pnpm/posthog-js@1.309.1/node_modules/posthog-js/dist/module.js:21
[     320ms] [LOG] [PostHog.js] Starting in debug mode {this: qo, config: Object, thisC: Object, p: Object, s: Object} @ webpack-internal:///(app-pages-browser)/./node_modules/.pnpm/posthog-js@1.309.1/node_modules/posthog-js/dist/module.js:21
[     337ms] [LOG] [PostHog.js] send "$pageview" {uuid: 01a0cc18-47a1-723f-9a20-75610480c709, event: $pageview, properties: Object, $set_once: Object, timestamp: Tue Sep 22 2026 22:28:58 GMT-0400 (Eastern Daylight Time)} @ webpack-internal:///(app-pages-browser)/./node_modules/.pnpm/posthog-js@1.309.1/node_modules/posthog-js/dist/module.js:21
[     354ms] [LOG] [PostHog.js] [Dead Clicks] starting... @ webpack-internal:///(app-pages-browser)/./node_modules/.pnpm/posthog-js@1.309.1/node_modules/posthog-js/dist/module.js:21
[     355ms] [LOG] [PostHog.js] [Dead Clicks] starting... @ webpack-internal:///(app-pages-browser)/./node_modules/.pnpm/posthog-js@1.309.1/node_modules/posthog-js/dist/module.js:21
[     555ms] [LOG] [PostHog.js] Persistence loaded sessionStorage {$sdk_debug_extensions_init_method: synchronous, $sdk_debug_extensions_init_time_ms: 2, $referrer: $direct, $referring_domain: $direct, $sdk_debug_replay_remote_trigger_matching_config: null} @ webpack-internal:///(app-pages-browser)/./node_modules/.pnpm/posthog-js@1.309.1/node_modules/posthog-js/dist/module.js:21
[     555ms] [LOG] [PostHog.js] set_config {config: Object, oldConfig: Object, newConfig: Object} @ webpack-internal:///(app-pages-browser)/./node_modules/.pnpm/posthog-js@1.309.1/node_modules/posthog-js/dist/module.js:21
[     556ms] [LOG] [PostHog.js] [Surveys] flags response received, isSurveysEnabled: false @ webpack-internal:///(app-pages-browser)/./node_modules/.pnpm/posthog-js@1.309.1/node_modules/posthog-js/dist/module.js:21
[     556ms] [LOG] [PostHog.js] [ExceptionAutocapture] enabled @ webpack-internal:///(app-pages-browser)/./node_modules/.pnpm/posthog-js@1.309.1/node_modules/posthog-js/dist/module.js:21
[     560ms] [LOG] [PostHog.js] [Surveys] Surveys loaded successfully @ webpack-internal:///(app-pages-browser)/./node_modules/.pnpm/posthog-js@1.309.1/node_modules/posthog-js/dist/module.js:21
[     661ms] [LOG] [PostHog.js] [RemoteConfig] __preview_remote_config is disabled. Logging config instead {analytics: Object, autocaptureExceptions: true, autocapture_opt_out: false, captureDeadClicks: true, capturePerformance: Object} @ webpack-internal:///(app-pages-browser)/./node_modules/.pnpm/posthog-js@1.309.1/node_modules/posthog-js/dist/module.js:21
[    2535ms] [LOG] [Fast Refresh] rebuilding @ http://localhost:3111/ingest/static/posthog-recorder.js?v=1.309.1:0
[    3689ms] [LOG] [Fast Refresh] done in 1155ms @ http://localhost:3111/ingest/static/posthog-recorder.js?v=1.309.1:0
[    3740ms] [LOG] [Fast Refresh] rebuilding @ http://localhost:3111/ingest/static/posthog-recorder.js?v=1.309.1:0
[    4427ms] [LOG] [PostHog.js] send "$snapshot" {uuid: 01a0cc18-579c-7c12-b7c9-4e225187647a, event: $snapshot, properties: Object, timestamp: Tue Sep 22 2026 22:29:02 GMT-0400 (Eastern Daylight Time)} @ webpack-internal:///(app-pages-browser)/./node_modules/.pnpm/posthog-js@1.309.1/node_modules/posthog-js/dist/module.js:21
[    4838ms] [LOG] [Fast Refresh] done in 1098ms @ http://localhost:3111/ingest/static/posthog-recorder.js?v=1.309.1:0
[    4875ms] [LOG] [Fast Refresh] rebuilding @ http://localhost:3111/ingest/static/posthog-recorder.js?v=1.309.1:0
[    5378ms] [LOG] [PostHog.js] send "$web_vitals" {uuid: 01a0cc18-5b53-7f4c-9a73-fef6017c8d92, event: $web_vitals, properties: Object, timestamp: Tue Sep 22 2026 22:29:03 GMT-0400 (Eastern Daylight Time)} @ webpack-internal:///(app-pages-browser)/./node_modules/.pnpm/posthog-js@1.309.1/node_modules/posthog-js/dist/module.js:21
[    5935ms] [LOG] [Fast Refresh] done in 1060ms @ http://localhost:3111/ingest/static/posthog-recorder.js?v=1.309.1:0
[    5968ms] [LOG] [Fast Refresh] rebuilding @ http://localhost:3111/ingest/static/posthog-recorder.js?v=1.309.1:0
[    6823ms] [LOG] [PostHog.js] send "$snapshot" {uuid: 01a0cc18-60f8-76d2-aac8-ad5327d4a516, event: $snapshot, properties: Object, timestamp: Tue Sep 22 2026 22:29:04 GMT-0400 (Eastern Daylight Time)} @ webpack-internal:///(app-pages-browser)/./node_modules/.pnpm/posthog-js@1.309.1/node_modules/posthog-js/dist/module.js:21
[    7033ms] [LOG] [Fast Refresh] done in 1066ms @ http://localhost:3111/ingest/static/posthog-recorder.js?v=1.309.1:0
[    7069ms] [LOG] [Fast Refresh] rebuilding @ http://localhost:3111/ingest/static/posthog-recorder.js?v=1.309.1:0
[    8364ms] [LOG] [Fast Refresh] done in 1296ms @ http://localhost:3111/ingest/static/posthog-recorder.js?v=1.309.1:0
[    8376ms] [LOG] [Fast Refresh] rebuilding @ http://localhost:3111/ingest/static/posthog-recorder.js?v=1.309.1:0
[    9019ms] [LOG] [PostHog.js] send "$snapshot" {uuid: 01a0cc18-698c-735b-b3e3-72eb4f46e3e5, event: $snapshot, properties: Object, timestamp: Tue Sep 22 2026 22:29:07 GMT-0400 (Eastern Daylight Time)} @ webpack-internal:///(app-pages-browser)/./node_modules/.pnpm/posthog-js@1.309.1/node_modules/posthog-js/dist/module.js:21
[    9299ms] [LOG] [Fast Refresh] done in 922ms @ http://localhost:3111/ingest/static/posthog-recorder.js?v=1.309.1:0
[    9343ms] [LOG] [Fast Refresh] rebuilding @ http://localhost:3111/ingest/static/posthog-recorder.js?v=1.309.1:0
[    9465ms] [LOG] [PostHog.js] send "$$heatmap" {uuid: 01a0cc18-6b4a-70a9-8146-e8d4c3862200, event: $$heatmap, properties: Object, timestamp: Tue Sep 22 2026 22:29:07 GMT-0400 (Eastern Daylight Time)} @ webpack-internal:///(app-pages-browser)/./node_modules/.pnpm/posthog-js@1.309.1/node_modules/posthog-js/dist/module.js:21
[    9465ms] [LOG] [PostHog.js] send "$snapshot" {uuid: 01a0cc18-6b4b-785b-b329-784a17d5d3ee, event: $snapshot, properties: Object, timestamp: Tue Sep 22 2026 22:29:07 GMT-0400 (Eastern Daylight Time)} @ webpack-internal:///(app-pages-browser)/./node_modules/.pnpm/posthog-js@1.309.1/node_modules/posthog-js/dist/module.js:21
[    9466ms] [LOG] [PostHog.js] send "$pageleave" {uuid: 01a0cc18-6b4b-785b-b329-784bebc37a06, event: $pageleave, properties: Object, timestamp: Tue Sep 22 2026 22:29:07 GMT-0400 (Eastern Daylight Time)} @ webpack-internal:///(app-pages-browser)/./node_modules/.pnpm/posthog-js@1.309.1/node_modules/posthog-js/dist/module.js:21
