[       3ms] [LOG] [PostHog.js] send "$snapshot" {uuid: 01a0b097-626b-73ea-ae73-bde779358544, event: $snapshot, properties: Object, timestamp: Thu Sep 17 2026 14:18:26 GMT-0400 (Eastern Daylight Time)} @ webpack-internal:///(app-pages-browser)/./node_modules/.pnpm/posthog-js@1.309.1/node_modules/posthog-js/dist/module.js:21
[     701ms] [LOG] [Fast Refresh] done in 848ms @ http://localhost:3000/ingest/static/posthog-recorder.js?v=1.309.1:0
[     751ms] [LOG] [Fast Refresh] rebuilding @ http://localhost:3000/ingest/static/posthog-recorder.js?v=1.309.1:0
[    2745ms] [INFO] %cDownload the React DevTools for a better development experience: https://react.dev/link/react-devtools font-weight:bold @ webpack-internal:///(app-pages-browser)/./node_modules/.pnpm/next@15.2.6_react-dom@19.0.0_react@19.0.0__react@19.0.0/node_modules/next/dist/compiled/react-dom/cjs/react-dom-client.development.js:24914
[    2770ms] [LOG] [PostHog.js] set_config {config: Object, oldConfig: Object, newConfig: Object} @ webpack-internal:///(app-pages-browser)/./node_modules/.pnpm/posthog-js@1.309.1/node_modules/posthog-js/dist/module.js:21
[    2771ms] [LOG] [PostHog.js] Persistence loaded localStorage+cookie {distinct_id: 01a0b096-ff8e-7e26-bd84-5c6f069275bc, $sesid: Array(3), $epp: true, $initial_person_info: Object, $initialization_time: 2026-09-17T18:18:00.969Z} @ webpack-internal:///(app-pages-browser)/./node_modules/.pnpm/posthog-js@1.309.1/node_modules/posthog-js/dist/module.js:21
[    2772ms] [LOG] [PostHog.js] Persistence loaded sessionStorage {$sdk_debug_extensions_init_method: synchronous, $sdk_debug_extensions_init_time_ms: 2, $referrer: $direct, $referring_domain: $direct, $sdk_debug_replay_remote_trigger_matching_config: null} @ webpack-internal:///(app-pages-browser)/./node_modules/.pnpm/posthog-js@1.309.1/node_modules/posthog-js/dist/module.js:21
[    2772ms] [LOG] [PostHog.js] Initializing extensions synchronously @ webpack-internal:///(app-pages-browser)/./node_modules/.pnpm/posthog-js@1.309.1/node_modules/posthog-js/dist/module.js:21
[    2772ms] [LOG] [PostHog.js] History API monitoring enabled, starting... @ webpack-internal:///(app-pages-browser)/./node_modules/.pnpm/posthog-js@1.309.1/node_modules/posthog-js/dist/module.js:21
[    2773ms] [LOG] [PostHog.js] [SessionRecording] starting @ webpack-internal:///(app-pages-browser)/./node_modules/.pnpm/posthog-js@1.309.1/node_modules/posthog-js/dist/module.js:21
[    2774ms] [LOG] [PostHog.js] [Heatmaps] starting... @ webpack-internal:///(app-pages-browser)/./node_modules/.pnpm/posthog-js@1.309.1/node_modules/posthog-js/dist/module.js:21
[    2774ms] [LOG] [PostHog.js] [Web Vitals] enabled, starting... @ webpack-internal:///(app-pages-browser)/./node_modules/.pnpm/posthog-js@1.309.1/node_modules/posthog-js/dist/module.js:21
[    2774ms] [LOG] [PostHog.js] [ExceptionAutocapture] enabled @ webpack-internal:///(app-pages-browser)/./node_modules/.pnpm/posthog-js@1.309.1/node_modules/posthog-js/dist/module.js:21
[    2775ms] [LOG] [PostHog.js] [ExceptionAutocapture] enabled @ webpack-internal:///(app-pages-browser)/./node_modules/.pnpm/posthog-js@1.309.1/node_modules/posthog-js/dist/module.js:21
[    2775ms] [LOG] [PostHog.js] Starting in debug mode {this: qo, config: Object, thisC: Object, p: Object, s: Object} @ webpack-internal:///(app-pages-browser)/./node_modules/.pnpm/posthog-js@1.309.1/node_modules/posthog-js/dist/module.js:21
[    2795ms] [LOG] [PostHog.js] [Dead Clicks] starting... @ webpack-internal:///(app-pages-browser)/./node_modules/.pnpm/posthog-js@1.309.1/node_modules/posthog-js/dist/module.js:21
[    2796ms] [LOG] [PostHog.js] [Dead Clicks] starting... @ webpack-internal:///(app-pages-browser)/./node_modules/.pnpm/posthog-js@1.309.1/node_modules/posthog-js/dist/module.js:21
[    2796ms] [LOG] [PostHog.js] [RemoteConfig] __preview_remote_config is disabled. Logging config instead {analytics: Object, autocaptureExceptions: true, autocapture_opt_out: false, captureDeadClicks: true, capturePerformance: Object} @ webpack-internal:///(app-pages-browser)/./node_modules/.pnpm/posthog-js@1.309.1/node_modules/posthog-js/dist/module.js:21
[    2799ms] [LOG] [PostHog.js] send "$pageview" {uuid: 01a0b097-6d55-7123-8170-2850ccdfff63, event: $pageview, properties: Object, $set_once: Object, timestamp: Thu Sep 17 2026 14:18:29 GMT-0400 (Eastern Daylight Time)} @ webpack-internal:///(app-pages-browser)/./node_modules/.pnpm/posthog-js@1.309.1/node_modules/posthog-js/dist/module.js:21
[    2868ms] [LOG] [PostHog.js] Persistence loaded sessionStorage {$sdk_debug_extensions_init_method: synchronous, $sdk_debug_extensions_init_time_ms: 2, $referrer: $direct, $referring_domain: $direct, $sdk_debug_replay_remote_trigger_matching_config: null} @ webpack-internal:///(app-pages-browser)/./node_modules/.pnpm/posthog-js@1.309.1/node_modules/posthog-js/dist/module.js:21
[    2868ms] [LOG] [PostHog.js] set_config {config: Object, oldConfig: Object, newConfig: Object} @ webpack-internal:///(app-pages-browser)/./node_modules/.pnpm/posthog-js@1.309.1/node_modules/posthog-js/dist/module.js:21
[    2869ms] [LOG] [PostHog.js] [Surveys] flags response received, isSurveysEnabled: false @ webpack-internal:///(app-pages-browser)/./node_modules/.pnpm/posthog-js@1.309.1/node_modules/posthog-js/dist/module.js:21
[    2869ms] [LOG] [PostHog.js] [ExceptionAutocapture] enabled @ webpack-internal:///(app-pages-browser)/./node_modules/.pnpm/posthog-js@1.309.1/node_modules/posthog-js/dist/module.js:21
[    2876ms] [LOG] [PostHog.js] [Surveys] Surveys loaded successfully @ webpack-internal:///(app-pages-browser)/./node_modules/.pnpm/posthog-js@1.309.1/node_modules/posthog-js/dist/module.js:21
[    7825ms] [LOG] [PostHog.js] send "$web_vitals" {uuid: 01a0b097-80f6-7a50-a748-a9294624b95c, event: $web_vitals, properties: Object, timestamp: Thu Sep 17 2026 14:18:34 GMT-0400 (Eastern Daylight Time)} @ webpack-internal:///(app-pages-browser)/./node_modules/.pnpm/posthog-js@1.309.1/node_modules/posthog-js/dist/module.js:21
[    7841ms] [LOG] [Fast Refresh] rebuilding @ http://localhost:3000/ingest/static/posthog-recorder.js?v=1.309.1:0
[    8698ms] [LOG] [Fast Refresh] done in 857ms @ http://localhost:3000/ingest/static/posthog-recorder.js?v=1.309.1:0
[    8747ms] [LOG] [Fast Refresh] rebuilding @ http://localhost:3000/ingest/static/posthog-recorder.js?v=1.309.1:0
[    9537ms] [LOG] [Fast Refresh] done in 790ms @ http://localhost:3000/ingest/static/posthog-recorder.js?v=1.309.1:0
[    9547ms] [LOG] [Fast Refresh] rebuilding @ http://localhost:3000/ingest/static/posthog-recorder.js?v=1.309.1:0
[   10553ms] [LOG] [Fast Refresh] done in 1005ms @ http://localhost:3000/ingest/static/posthog-recorder.js?v=1.309.1:0
[   10585ms] [LOG] [Fast Refresh] rebuilding @ http://localhost:3000/ingest/static/posthog-recorder.js?v=1.309.1:0
